09-May-2026 18:19:36.320 INFO [main] org.apache.catalina.startup.VersionLoggerListener.log Server version name:   Apache Tomcat/9.0.117
09-May-2026 18:19:36.323 INFO [main] org.apache.catalina.startup.VersionLoggerListener.log Server built:          Mar 30 2026 18:21:16 UTC
09-May-2026 18:19:36.323 INFO [main] org.apache.catalina.startup.VersionLoggerListener.log Server version number: 9.0.117.0
09-May-2026 18:19:36.323 INFO [main] org.apache.catalina.startup.VersionLoggerListener.log OS Name:               Windows 11
09-May-2026 18:19:36.324 INFO [main] org.apache.catalina.startup.VersionLoggerListener.log OS Version:            10.0
09-May-2026 18:19:36.324 INFO [main] org.apache.catalina.startup.VersionLoggerListener.log Architecture:          amd64
09-May-2026 18:19:36.325 INFO [main] org.apache.catalina.startup.VersionLoggerListener.log Java Home:             C:\Program Files\Java\jdk-25
09-May-2026 18:19:36.325 INFO [main] org.apache.catalina.startup.VersionLoggerListener.log JVM Version:           25.0.1+8-LTS-27
09-May-2026 18:19:36.325 INFO [main] org.apache.catalina.startup.VersionLoggerListener.log JVM Vendor:            Oracle Corporation
09-May-2026 18:19:36.326 INFO [main] org.apache.catalina.startup.VersionLoggerListener.log CATALINA_BASE:         E:\BhagyaJava\Bank-Account-System\tomcat_temp\apache-tomcat-9.0.117
09-May-2026 18:19:36.326 INFO [main] org.apache.catalina.startup.VersionLoggerListener.log CATALINA_HOME:         E:\BhagyaJava\Bank-Account-System\tomcat_temp\apache-tomcat-9.0.117
09-May-2026 18:19:36.341 INFO [main] org.apache.catalina.startup.VersionLoggerListener.log Command line argument: -Dstdout.encoding=UTF-8
09-May-2026 18:19:36.341 INFO [main] org.apache.catalina.startup.VersionLoggerListener.log Command line argument: -Dstderr.encoding=UTF-8
09-May-2026 18:19:36.342 INFO [main] org.apache.catalina.startup.VersionLoggerListener.log Command line argument: --add-opens=java.base/java.lang=ALL-UNNAMED
09-May-2026 18:19:36.342 INFO [main] org.apache.catalina.startup.VersionLoggerListener.log Command line argument: --add-opens=java.base/java.lang.invoke=ALL-UNNAMED
09-May-2026 18:19:36.342 INFO [main] org.apache.catalina.startup.VersionLoggerListener.log Command line argument: --add-opens=java.base/java.lang.reflect=ALL-UNNAMED
09-May-2026 18:19:36.343 INFO [main] org.apache.catalina.startup.VersionLoggerListener.log Command line argument: --add-opens=java.base/java.io=ALL-UNNAMED
09-May-2026 18:19:36.343 INFO [main] org.apache.catalina.startup.VersionLoggerListener.log Command line argument: --add-opens=java.base/java.util=ALL-UNNAMED
09-May-2026 18:19:36.344 INFO [main] org.apache.catalina.startup.VersionLoggerListener.log Command line argument: --add-opens=java.base/java.util.concurrent=ALL-UNNAMED
09-May-2026 18:19:36.344 INFO [main] org.apache.catalina.startup.VersionLoggerListener.log Command line argument: --add-opens=java.rmi/sun.rmi.transport=ALL-UNNAMED
09-May-2026 18:19:36.344 INFO [main] org.apache.catalina.startup.VersionLoggerListener.log Command line argument: -Djava.util.logging.config.file=e:\BhagyaJava\Bank-Account-System\tomcat_temp\apache-tomcat-9.0.117\conf\logging.properties
09-May-2026 18:19:36.346 INFO [main] org.apache.catalina.startup.VersionLoggerListener.log Command line argument: -Djava.util.logging.manager=org.apache.juli.ClassLoaderLogManager
09-May-2026 18:19:36.346 INFO [main] org.apache.catalina.startup.VersionLoggerListener.log Command line argument: -Djdk.tls.ephemeralDHKeySize=2048
09-May-2026 18:19:36.346 INFO [main] org.apache.catalina.startup.VersionLoggerListener.log Command line argument: -Djava.protocol.handler.pkgs=org.apache.catalina.webresources
09-May-2026 18:19:36.347 INFO [main] org.apache.catalina.startup.VersionLoggerListener.log Command line argument: -Dsun.io.useCanonCaches=false
09-May-2026 18:19:36.347 INFO [main] org.apache.catalina.startup.VersionLoggerListener.log Command line argument: -Dignore.endorsed.dirs=
09-May-2026 18:19:36.347 INFO [main] org.apache.catalina.startup.VersionLoggerListener.log Command line argument: -Dcatalina.base=e:\BhagyaJava\Bank-Account-System\tomcat_temp\apache-tomcat-9.0.117
09-May-2026 18:19:36.347 INFO [main] org.apache.catalina.startup.VersionLoggerListener.log Command line argument: -Dcatalina.home=e:\BhagyaJava\Bank-Account-System\tomcat_temp\apache-tomcat-9.0.117
09-May-2026 18:19:36.348 INFO [main] org.apache.catalina.startup.VersionLoggerListener.log Command line argument: -Djava.io.tmpdir=e:\BhagyaJava\Bank-Account-System\tomcat_temp\apache-tomcat-9.0.117\temp
09-May-2026 18:19:36.357 INFO [main] org.apache.catalina.core.AprLifecycleListener.lifecycleEvent Loaded Apache Tomcat Native library [1.3.7] using APR version [1.7.6].
09-May-2026 18:19:36.358 INFO [main] org.apache.catalina.core.AprLifecycleListener.lifecycleEvent APR capabilities: IPv6 [true], sendfile [true], accept filters [false], random [true], UDS [true].
09-May-2026 18:19:36.358 INFO [main] org.apache.catalina.core.AprLifecycleListener.lifecycleEvent APR/OpenSSL configuration: useAprConnector [false], useOpenSSL [true]
09-May-2026 18:19:36.388 INFO [main] org.apache.catalina.core.AprLifecycleListener.initializeSSL OpenSSL successfully initialized [OpenSSL 3.0.19 27 Jan 2026]
09-May-2026 18:19:36.751 INFO [main] org.apache.coyote.AbstractProtocol.init Initializing ProtocolHandler ["http-nio-8080"]
09-May-2026 18:19:36.789 INFO [main] org.apache.catalina.startup.Catalina.load Server initialization in [667] milliseconds
09-May-2026 18:19:36.838 INFO [main] org.apache.catalina.core.StandardService.startInternal Starting service [Catalina]
09-May-2026 18:19:36.838 INFO [main] org.apache.catalina.core.StandardEngine.startInternal Starting Servlet engine: [Apache Tomcat/9.0.117]
09-May-2026 18:19:36.851 INFO [main] org.apache.catalina.startup.HostConfig.deployDirectory Deploying web application directory [E:\BhagyaJava\Bank-Account-System\tomcat_temp\apache-tomcat-9.0.117\webapps\Bank-Account-System]
09-May-2026 18:19:37.197 INFO [main] org.apache.catalina.startup.HostConfig.deployDirectory Deployment of web application directory [E:\BhagyaJava\Bank-Account-System\tomcat_temp\apache-tomcat-9.0.117\webapps\Bank-Account-System] has finished in [340] ms
09-May-2026 18:19:37.198 INFO [main] org.apache.catalina.startup.HostConfig.deployDirectory Deploying web application directory [E:\BhagyaJava\Bank-Account-System\tomcat_temp\apache-tomcat-9.0.117\webapps\docs]
09-May-2026 18:19:37.247 INFO [main] org.apache.catalina.startup.HostConfig.deployDirectory Deployment of web application directory [E:\BhagyaJava\Bank-Account-System\tomcat_temp\apache-tomcat-9.0.117\webapps\docs] has finished in [49] ms
09-May-2026 18:19:37.248 INFO [main] org.apache.catalina.startup.HostConfig.deployDirectory Deploying web application directory [E:\BhagyaJava\Bank-Account-System\tomcat_temp\apache-tomcat-9.0.117\webapps\examples]
09-May-2026 18:19:37.625 INFO [main] org.apache.catalina.startup.HostConfig.deployDirectory Deployment of web application directory [E:\BhagyaJava\Bank-Account-System\tomcat_temp\apache-tomcat-9.0.117\webapps\examples] has finished in [376] ms
09-May-2026 18:19:37.625 INFO [main] org.apache.catalina.startup.HostConfig.deployDirectory Deploying web application directory [E:\BhagyaJava\Bank-Account-System\tomcat_temp\apache-tomcat-9.0.117\webapps\host-manager]
09-May-2026 18:19:37.671 INFO [main] org.apache.catalina.startup.HostConfig.deployDirectory Deployment of web application directory [E:\BhagyaJava\Bank-Account-System\tomcat_temp\apache-tomcat-9.0.117\webapps\host-manager] has finished in [45] ms
09-May-2026 18:19:37.671 INFO [main] org.apache.catalina.startup.HostConfig.deployDirectory Deploying web application directory [E:\BhagyaJava\Bank-Account-System\tomcat_temp\apache-tomcat-9.0.117\webapps\manager]
09-May-2026 18:19:37.699 INFO [main] org.apache.catalina.startup.HostConfig.deployDirectory Deployment of web application directory [E:\BhagyaJava\Bank-Account-System\tomcat_temp\apache-tomcat-9.0.117\webapps\manager] has finished in [28] ms
09-May-2026 18:19:37.699 INFO [main] org.apache.catalina.startup.HostConfig.deployDirectory Deploying web application directory [E:\BhagyaJava\Bank-Account-System\tomcat_temp\apache-tomcat-9.0.117\webapps\ROOT]
09-May-2026 18:19:37.732 INFO [main] org.apache.catalina.startup.HostConfig.deployDirectory Deployment of web application directory [E:\BhagyaJava\Bank-Account-System\tomcat_temp\apache-tomcat-9.0.117\webapps\ROOT] has finished in [32] ms
09-May-2026 18:19:37.739 INFO [main] org.apache.coyote.AbstractProtocol.start Starting ProtocolHandler ["http-nio-8080"]
09-May-2026 18:19:37.785 INFO [main] org.apache.catalina.startup.Catalina.start Server startup in [993] milliseconds
